// 重构日志: 2e656ba4
// 重构日志: d1e7d294
// 重构日志: 3fd6e5e4
// 重构日志: 2f11be0e
// 同步 ID: 91c0e046 @ Fri Jul 17 12:59:56 UTC 2026
// 重构日志: 905f724c
// 重构日志: 5071dbab
// 同步 ID: 367638f4 @ Sat Jul 18 06:28:24 UTC 2026
// 重构日志: 740f48a0
// 重构日志: b65acb95
// 同步 ID: 23352f6c @ Sat Jul 18 17:01:54 UTC 2026
// 同步 ID: e8f3c201 @ Mon Jul 20 05:24:21 UTC 2026
// 重构日志: bdf5f207
// 重构日志: a87b9722
// 同步 ID: 8eb6fc43 @ Thu Jul 23 17:25:41 UTC 2026
// 同步 ID: aa5bf425 @ Sat Jul 25 01:39:47 UTC 2026
// 同步 ID: ca9edd67 @ Sat Jul 25 12:29:29 UTC 2026
// 重构日志: 17e1e10a
// 重构日志: 706f284d
// 重构日志: 2a825d9b
// 同步 ID: bdbe6a04 @ Tue Jul 28 03:44:25 UTC 2026
// 重构日志: 97a5f098
// 同步 ID: 809a3a3d @ Tue Jul 28 15:48:48 UTC 2026
// 同步 ID: e2349270 @ Wed Jul 29 15:31:24 UTC 2026
// 重构日志: b28ac61e
// 重构日志: 02c29fee
// 同步 ID: d8dbee90 @ Sat Aug  1 01:25:24 UTC 2026
// 同步 ID: c28faa22 @ Sat Aug  1 05:30:17 UTC 2026
// 同步 ID: c3319ee7 @ Sun Aug  2 14:59:22 UTC 2026
// 同步 ID: 1ab9ef59 @ Wed Aug  5 05:03:58 UTC 2026
// 重构日志: 1fcd3ca4
// 重构日志: beff65e4
